Checking source disk-check.sh...
Checking disk usage for backup directory temp...
[2026-05-12-16:21:45] Disk check passed: 37% used (threshold: 80%).
Checking source disk-check.sh...
Checking disk usage for backup directory temp...
[2026-05-12-16:26:48] Disk check passed: 37% used (threshold: 80%).
Checking source disk-check.sh...
Checking disk usage for backup directory temp...
[2026-05-12-16:27:59] Disk check passed: 37% used (threshold: 80%).
[DRY RUN]: backup directory temp/2026-05-12 already exists
[DRY RUN]: archive file disk-check.sh to temp/2026-05-12/disk-check.sh.tar.gz
[DRY RUN]: no backups older than 7 days to rotate.
Dry run complete. No changes have been made.
Checking source disk-check.sh...
Checking disk usage for backup directory temp...
[2026-05-12-16:28:04] Disk check passed: 37% used (threshold: 80%).
Archiving disk-check.sh to temp/2026-05-12/...
[2026-05-12-16:28:04] Backup created successfully: temp/2026-05-12/disk-check.sh.tar.gz

--- Backup complete ---
total 8.0K
-rw-r--r-- 1 enoch_5ew7dif 197610 852 May 12 15:50 disk-check.sh.tar
-rw-r--r-- 1 enoch_5ew7dif 197610 852 May 12 16:28 disk-check.sh.tar.gz
--- Backup details ---
-rw-r--r-- 1 enoch_5ew7dif 197610 852 May 12 16:28 temp/2026-05-12/disk-check.sh.tar.gz
Rotating backups older than 7 days or if disk usage exceeds 80%...
[2026-05-12-16:28:04] Old backups rotated successfully.
